[2026-09-09 19:13:32,247] [CRITICAL] [KillSwitch] [IMHA BASARILI] PID 34700 (python.exe) ve 0 alt surec imha edildi. Gerekce: Test Amacli Imha
[2026-09-09 19:13:32,251] [WARNING] [KillSwitch] Korumalı veya geçersiz PID imha edilemez: 10548
[2026-09-09 19:13:32,251] [WARNING] [KillSwitch] Korumalı veya geçersiz PID imha edilemez: 0
[2026-09-09 19:14:25,876] [CRITICAL] [KillSwitch] [IMHA BASARILI] PID 10492 (python.exe) ve 0 alt surec imha edildi. Gerekce: Test Amacli Imha
[2026-09-09 19:14:25,881] [WARNING] [KillSwitch] Korumalı veya geçersiz PID imha edilemez: 11744
[2026-09-09 19:14:25,881] [WARNING] [KillSwitch] Korumalı veya geçersiz PID imha edilemez: 0
[2026-09-09 19:19:10,059] [WARNING] [KillSwitch] Korumalı veya geçersiz PID imha edilemez: 21960
[2026-09-09 19:19:10,059] [WARNING] [KillSwitch] Korumalı veya geçersiz PID imha edilemez: 0
[2026-09-09 19:19:41,835] [WARNING] [KillSwitch] Korumalı veya geçersiz PID imha edilemez: 8804
[2026-09-09 19:19:41,835] [WARNING] [KillSwitch] Korumalı veya geçersiz PID imha edilemez: 0
[2026-09-09 19:21:51,687] [CRITICAL] [KillSwitch] [IMHA BASARILI] PID 14420 (python.exe) ve 0 alt surec imha edildi. Gerekce: Test Amacli Imha
[2026-09-09 19:21:51,692] [WARNING] [KillSwitch] Korumalı veya geçersiz PID imha edilemez: 32560
[2026-09-09 19:21:51,692] [WARNING] [KillSwitch] Korumalı veya geçersiz PID imha edilemez: 0
[2026-09-09 19:36:40,724] [INFO] [KillSwitch] PID 999999999 zaten sonlanmış.
[2026-09-09 19:36:42,979] [WARNING] [ETWCorrelator] Şüpheli ata tespit edildi: PID=5396 isim='powershell.exe' kalıp='powershell'
[2026-09-09 19:36:43,190] [WARNING] [ETWCorrelator] Şüpheli ata tespit edildi: PID=26384 isim='py.exe' kalıp='py.e'
[2026-09-09 19:36:51,205] [CRITICAL] [KillSwitch] [IMHA BASARILI] PID 1440 (python.exe) ve 0 alt surec imha edildi. Gerekce: Test Amacli Imha
[2026-09-09 19:36:51,208] [WARNING] [KillSwitch] Korumalı veya geçersiz PID imha edilemez: 32340
[2026-09-09 19:36:51,208] [WARNING] [KillSwitch] Korumalı veya geçersiz PID imha edilemez: 0
[2026-09-09 19:38:46,081] [INFO] [KillSwitch] PID 999999999 zaten sonlanmış.
[2026-09-09 19:38:48,254] [WARNING] [ETWCorrelator] Şüpheli ata tespit edildi: PID=19152 isim='powershell.exe' kalıp='powershell'
[2026-09-09 19:38:48,462] [WARNING] [ETWCorrelator] Şüpheli ata tespit edildi: PID=5360 isim='py.exe' kalıp='py.e'
[2026-09-09 19:38:55,994] [CRITICAL] [KillSwitch] [IMHA BASARILI] PID 4980 (python.exe) ve 0 alt surec imha edildi. Gerekce: Test Amacli Imha
[2026-09-09 19:38:55,998] [WARNING] [KillSwitch] Korumalı veya geçersiz PID imha edilemez: 11244
[2026-09-09 19:38:55,998] [WARNING] [KillSwitch] Korumalı veya geçersiz PID imha edilemez: 0
